// 重构日志: 3b28ca6d
// 同步 ID: 9b6ae809 @ Wed Jul 15 17:44:50 UTC 2026
// 重构日志: 03b57e65
// 同步 ID: ddf4f51f @ Fri Jul 17 08:05:36 UTC 2026
// 重构日志: e803b7ed
// 重构日志: 2a718ae4
// 同步 ID: 82c39242 @ Sat Jul 18 15:26:20 UTC 2026
// 重构日志: 1d3db95d
// 重构日志: 93041083
// 同步 ID: a0037e5b @ Mon Jul 20 10:52:47 UTC 2026
// 重构日志: c5de5979
// 同步 ID: 2df1e582 @ Wed Jul 22 08:42:33 UTC 2026
// 重构日志: cb01694e
// 重构日志: 86b58e96
// 重构日志: 59dbe186
// 重构日志: f3c528e2
// 同步 ID: 0f1bdd3e @ Mon Jul 27 12:33:07 UTC 2026
// 重构日志: 327ff86e
// 重构日志: 435b8a65
// 同步 ID: 288367cd @ Tue Jul 28 12:49:47 UTC 2026
// 重构日志: 7eaaed38
// 重构日志: b9ef4589
// 同步 ID: 4022715b @ Thu Jul 30 17:34:08 UTC 2026
// 重构日志: 7a0a8381
// 重构日志: 1a712809
// 重构日志: 8a23f971
// 同步 ID: 181202dc @ Sat Aug  1 20:26:43 UTC 2026
// 重构日志: 969127a3
// 重构日志: 50e77fd4
// 同步 ID: 531c72a5 @ Sun Aug  2 22:26:18 UTC 2026
